{"mode": "run", "capsule_root": "C:\\Users\\salee\\Documents\\dev\\puripuly_heart\\.worktrees\\puripuly_heart\\experiment-v2-speaker-change-turn-boundaries-ls\\experiments\\psem_r2_policy\\.capsule\\499ef55fe10c", "fingerprint": "499ef55fe10ce4e315c750e065cd5dbe5470093fd8a82ab1ebf5430d60acd08a", "ledger_path": "C:\\Users\\salee\\Documents\\dev\\puripuly_heart\\.worktrees\\puripuly_heart\\experiment-v2-speaker-change-turn-boundaries-ls\\experiments\\psem_r2_policy\\artifacts\\budget_ledger.json", "case_output_dir": "C:\\Users\\salee\\Documents\\dev\\puripuly_heart\\.worktrees\\puripuly_heart\\experiment-v2-speaker-change-turn-boundaries-ls\\experiments\\psem_r2_policy\\artifacts", "runtime_artifact_dir": "C:\\Users\\salee\\Documents\\dev\\puripuly_heart\\.worktrees\\puripuly_heart\\experiment-v2-speaker-change-turn-boundaries-ls\\experiments\\psem_r2_policy\\.capsule\\499ef55fe10c\\experiments\\psem_r2_policy\\artifacts", "modules": {"experiments.psem_r2_policy.run": "C:\\Users\\salee\\Documents\\dev\\puripuly_heart\\.worktrees\\puripuly_heart\\experiment-v2-speaker-change-turn-boundaries-ls\\experiments\\psem_r2_policy\\.capsule\\499ef55fe10c\\experiments\\psem_r2_policy\\run.py", "experiments.psem_r2_policy.budget": "C:\\Users\\salee\\Documents\\dev\\puripuly_heart\\.worktrees\\puripuly_heart\\experiment-v2-speaker-change-turn-boundaries-ls\\experiments\\psem_r2_policy\\.capsule\\499ef55fe10c\\experiments\\psem_r2_policy\\budget.py", "experiments.psem_r2_policy.phase": "C:\\Users\\salee\\Documents\\dev\\puripuly_heart\\.worktrees\\puripuly_heart\\experiment-v2-speaker-change-turn-boundaries-ls\\experiments\\psem_r2_policy\\.capsule\\499ef55fe10c\\experiments\\psem_r2_policy\\phase.py", "experiments.psem_r2_policy.metrics": "C:\\Users\\salee\\Documents\\dev\\puripuly_heart\\.worktrees\\puripuly_heart\\experiment-v2-speaker-change-turn-boundaries-ls\\experiments\\psem_r2_policy\\.capsule\\499ef55fe10c\\experiments\\psem_r2_policy\\metrics.py", "tests.helpers.translation_owners": "C:\\Users\\salee\\Documents\\dev\\puripuly_heart\\.worktrees\\puripuly_heart\\experiment-v2-speaker-change-turn-boundaries-ls\\experiments\\psem_r2_policy\\.capsule\\499ef55fe10c\\tests\\helpers\\translation_owners.py"}, "prompt": {"file": "C:\\Users\\salee\\Documents\\dev\\puripuly_heart\\.worktrees\\puripuly_heart\\experiment-v2-speaker-change-turn-boundaries-ls\\experiments\\psem_r2_policy\\.capsule\\499ef55fe10c\\prompts\\translation_prompt.md", "file_sha256": "7fac71f6539878d07d03e52ce560723d09c07f24d773cd2b0930c3d8f747726a", "stripped_sha256": "f52812a14e31f0584c3b35419bfe7a04c142bc4b5d6a369983133cb89cfb6395"}, "prompt_probe": {"prompt_dir": "C:\\Users\\salee\\Documents\\dev\\puripuly_heart\\.worktrees\\puripuly_heart\\experiment-v2-speaker-change-turn-boundaries-ls\\experiments\\psem_r2_policy\\.capsule\\499ef55fe10c\\prompts", "prompt_loader": "C:\\Users\\salee\\Documents\\dev\\puripuly_heart\\.worktrees\\puripuly_heart\\experiment-v2-speaker-change-turn-boundaries-ls\\experiments\\psem_r2_policy\\.capsule\\499ef55fe10c\\src\\puripuly_heart\\config\\prompts.py", "default_prompt_sha256": "f52812a14e31f0584c3b35419bfe7a04c142bc4b5d6a369983133cb89cfb6395"}}
Deepgram SDK thread error
Traceback (most recent call last):
  File "C:\Users\salee\Documents\dev\puripuly_heart\.worktrees\puripuly_heart\experiment-v2-speaker-change-turn-boundaries-ls\experiments\psem_r2_policy\.capsule\499ef55fe10c\src\puripuly_heart\providers\stt\deepgram.py", line 541, in _run_sync
    with client.listen.v1.connect(
         ^^^^^^^^^^^^^^^^^^^^^^^^^
  File "C:\Users\salee\AppData\Local\Programs\Python\Python312\Lib\contextlib.py", line 137, in __enter__
    return next(self.gen)
           ^^^^^^^^^^^^^^
  File "C:\Users\salee\Documents\dev\puripuly_heart\.worktrees\puripuly_heart\experiment-v2-speaker-change-turn-boundaries-ls\.venv\Lib\site-packages\deepgram\listen\v1\client.py", line 240, in connect
    with websockets_sync_client.connect(ws_url, additional_headers=headers) as protocol:
         ^^^^^^^^^^^^^^^^^^^^^^^^^^^^^^^^^^^^^^^^^^^^^^^^^^^^^^^^^^^^^^^^^^
  File "C:\Users\salee\Documents\dev\puripuly_heart\.worktrees\puripuly_heart\experiment-v2-speaker-change-turn-boundaries-ls\.venv\Lib\site-packages\websockets\sync\client.py", line 356, in connect
    protocol = ClientProtocol(
               ^^^^^^^^^^^^^^^
  File "C:\Users\salee\Documents\dev\puripuly_heart\.worktrees\puripuly_heart\experiment-v2-speaker-change-turn-boundaries-ls\.venv\Lib\site-packages\websockets\client.py", line 94, in __init__
    self.key = generate_key()
               ^^^^^^^^^^^^^^
  File "C:\Users\salee\Documents\dev\puripuly_heart\.worktrees\puripuly_heart\experiment-v2-speaker-change-turn-boundaries-ls\.venv\Lib\site-packages\websockets\utils.py", line 22, in generate_key
    key = secrets.token_bytes(16)
          ^^^^^^^^^^^^^^^^^^^
AttributeError: module 'secrets' has no attribute 'token_bytes'
[STT] Deepgram connection timeout after 5.0s
Deepgram SDK thread error
Traceback (most recent call last):
  File "C:\Users\salee\Documents\dev\puripuly_heart\.worktrees\puripuly_heart\experiment-v2-speaker-change-turn-boundaries-ls\experiments\psem_r2_policy\.capsule\499ef55fe10c\src\puripuly_heart\providers\stt\deepgram.py", line 541, in _run_sync
    with client.listen.v1.connect(
         ^^^^^^^^^^^^^^^^^^^^^^^^^
  File "C:\Users\salee\AppData\Local\Programs\Python\Python312\Lib\contextlib.py", line 137, in __enter__
    return next(self.gen)
           ^^^^^^^^^^^^^^
  File "C:\Users\salee\Documents\dev\puripuly_heart\.worktrees\puripuly_heart\experiment-v2-speaker-change-turn-boundaries-ls\.venv\Lib\site-packages\deepgram\listen\v1\client.py", line 240, in connect
    with websockets_sync_client.connect(ws_url, additional_headers=headers) as protocol:
         ^^^^^^^^^^^^^^^^^^^^^^^^^^^^^^^^^^^^^^^^^^^^^^^^^^^^^^^^^^^^^^^^^^
  File "C:\Users\salee\Documents\dev\puripuly_heart\.worktrees\puripuly_heart\experiment-v2-speaker-change-turn-boundaries-ls\.venv\Lib\site-packages\websockets\sync\client.py", line 356, in connect
    protocol = ClientProtocol(
               ^^^^^^^^^^^^^^^
  File "C:\Users\salee\Documents\dev\puripuly_heart\.worktrees\puripuly_heart\experiment-v2-speaker-change-turn-boundaries-ls\.venv\Lib\site-packages\websockets\client.py", line 94, in __init__
    self.key = generate_key()
               ^^^^^^^^^^^^^^
  File "C:\Users\salee\Documents\dev\puripuly_heart\.worktrees\puripuly_heart\experiment-v2-speaker-change-turn-boundaries-ls\.venv\Lib\site-packages\websockets\utils.py", line 22, in generate_key
    key = secrets.token_bytes(16)
          ^^^^^^^^^^^^^^^^^^^
AttributeError: module 'secrets' has no attribute 'token_bytes'
[STT] Deepgram connection timeout after 5.0s
Deepgram SDK thread error
Traceback (most recent call last):
  File "C:\Users\salee\Documents\dev\puripuly_heart\.worktrees\puripuly_heart\experiment-v2-speaker-change-turn-boundaries-ls\experiments\psem_r2_policy\.capsule\499ef55fe10c\src\puripuly_heart\providers\stt\deepgram.py", line 541, in _run_sync
    with client.listen.v1.connect(
         ^^^^^^^^^^^^^^^^^^^^^^^^^
  File "C:\Users\salee\AppData\Local\Programs\Python\Python312\Lib\contextlib.py", line 137, in __enter__
    return next(self.gen)
           ^^^^^^^^^^^^^^
  File "C:\Users\salee\Documents\dev\puripuly_heart\.worktrees\puripuly_heart\experiment-v2-speaker-change-turn-boundaries-ls\.venv\Lib\site-packages\deepgram\listen\v1\client.py", line 240, in connect
    with websockets_sync_client.connect(ws_url, additional_headers=headers) as protocol:
         ^^^^^^^^^^^^^^^^^^^^^^^^^^^^^^^^^^^^^^^^^^^^^^^^^^^^^^^^^^^^^^^^^^
  File "C:\Users\salee\Documents\dev\puripuly_heart\.worktrees\puripuly_heart\experiment-v2-speaker-change-turn-boundaries-ls\.venv\Lib\site-packages\websockets\sync\client.py", line 356, in connect
    protocol = ClientProtocol(
               ^^^^^^^^^^^^^^^
  File "C:\Users\salee\Documents\dev\puripuly_heart\.worktrees\puripuly_heart\experiment-v2-speaker-change-turn-boundaries-ls\.venv\Lib\site-packages\websockets\client.py", line 94, in __init__
    self.key = generate_key()
               ^^^^^^^^^^^^^^
  File "C:\Users\salee\Documents\dev\puripuly_heart\.worktrees\puripuly_heart\experiment-v2-speaker-change-turn-boundaries-ls\.venv\Lib\site-packages\websockets\utils.py", line 22, in generate_key
    key = secrets.token_bytes(16)
          ^^^^^^^^^^^^^^^^^^^
AttributeError: module 'secrets' has no attribute 'token_bytes'
[STT] Deepgram connection timeout after 5.0s
